2025-04-19 18:17:00,809 ERROR    Internal Server Error: /api/users/auth/signup/
Traceback (most recent call last):
  File /home/trent/Documents/global/lib/python3.12/site-packages/asgiref/sync.py, line 518, in thread_handler
    raise exc_info[1]
  File /home/trent/Documents/global/lib/python3.12/site-packages/django/core/handlers/exception.py, line 42, in inner
    response = await get_response(request)
               ^^^^^^^^^^^^^^^^^^^^^^^^^^^
  File /home/trent/Documents/global/lib/python3.12/site-packages/asgiref/sync.py, line 518, in thread_handler
    raise exc_info[1]
  File /home/trent/Documents/global/lib/python3.12/site-packages/django/core/handlers/base.py, line 253, in _get_response_async
    response = await wrapped_callback(
               ^^^^^^^^^^^^^^^^^^^^^^^
  File /home/trent/Documents/global/lib/python3.12/site-packages/asgiref/sync.py, line 468, in __call__
    ret = await asyncio.shield(exec_coro)
          ^^^^^^^^^^^^^^^^^^^^^^^^^^^^^^^
  File /home/trent/Documents/global/lib/python3.12/site-packages/asgiref/current_thread_executor.py, line 40, in run
    result = self.fn(*self.args, **self.kwargs)
             ^^^^^^^^^^^^^^^^^^^^^^^^^^^^^^^^^^
  File /home/trent/Documents/global/lib/python3.12/site-packages/asgiref/sync.py, line 522, in thread_handler
    return func(*args, **kwargs)
           ^^^^^^^^^^^^^^^^^^^^^
  File /home/trent/Documents/global/lib/python3.12/site-packages/django/views/decorators/csrf.py, line 65, in _view_wrapper
    return view_func(request, *args, **kwargs)
           ^^^^^^^^^^^^^^^^^^^^^^^^^^^^^^^^^^^
  File /home/trent/Documents/global/lib/python3.12/site-packages/django/views/generic/base.py, line 104, in view
    return self.dispatch(request, *args, **kwargs)
           ^^^^^^^^^^^^^^^^^^^^^^^^^^^^^^^^^^^^^^^
  File /home/trent/Documents/global/lib/python3.12/site-packages/rest_framework/views.py, line 509, in dispatch
    response = self.handle_exception(exc)
               ^^^^^^^^^^^^^^^^^^^^^^^^^^
  File /home/trent/Documents/global/lib/python3.12/site-packages/rest_framework/views.py, line 469, in handle_exception
    self.raise_uncaught_exception(exc)
  File /home/trent/Documents/global/lib/python3.12/site-packages/rest_framework/views.py, line 480, in raise_uncaught_exception
    raise exc
  File /home/trent/Documents/global/lib/python3.12/site-packages/rest_framework/views.py, line 506, in dispatch
    response = handler(request, *args, **kwargs)
               ^^^^^^^^^^^^^^^^^^^^^^^^^^^^^^^^^
  File /home/trent/Documents/global/lib/python3.12/site-packages/rest_framework/decorators.py, line 50, in handler
    return func(*args, **kwargs)
           ^^^^^^^^^^^^^^^^^^^^^
  File /home/trent/Documents/EasyMarket/users/views.py, line 138, in signup
    username = request.data.get('username')
               ^^^^^^^^^^^^^^^^
AttributeError: 'str' object has no attribute 'get'

